Archive member included to satisfy reference by file (symbol)

c:/program files (x86)/atmel/studio/7.0/toolchain/avr8/avr8-gnu-toolchain/bin/../lib/gcc/avr/4.9.2/avr5\libgcc.a(_exit.o)
                              C:/Program Files (x86)/Atmel/Studio/7.0/Packs/atmel/ATmega_DFP/1.0.98/gcc/dev/atmega32/avr5/crtatmega32.o (exit)
c:/program files (x86)/atmel/studio/7.0/toolchain/avr8/avr8-gnu-toolchain/bin/../lib/gcc/avr/4.9.2/avr5\libgcc.a(_copy_data.o)
                              main.o (__do_copy_data)
c:/program files (x86)/atmel/studio/7.0/toolchain/avr8/avr8-gnu-toolchain/bin/../lib/gcc/avr/4.9.2/avr5\libgcc.a(_clear_bss.o)
                              main.o (__do_clear_bss)
c:/program files (x86)/atmel/studio/7.0/toolchain/avr8/avr8-gnu-toolchain/bin/../lib/gcc/avr/4.9.2/../../../../avr/lib/avr5\libc.a(itoa_ncheck.o)
                              main.o (__itoa_ncheck)
c:/program files (x86)/atmel/studio/7.0/toolchain/avr8/avr8-gnu-toolchain/bin/../lib/gcc/avr/4.9.2/../../../../avr/lib/avr5\libc.a(utoa_ncheck.o)
                              c:/program files (x86)/atmel/studio/7.0/toolchain/avr8/avr8-gnu-toolchain/bin/../lib/gcc/avr/4.9.2/../../../../avr/lib/avr5\libc.a(itoa_ncheck.o) (__utoa_common)
c:/program files (x86)/atmel/studio/7.0/toolchain/avr8/avr8-gnu-toolchain/bin/../lib/gcc/avr/4.9.2/../../../../avr/lib/avr5\libc.a(strrev.o)
                              c:/program files (x86)/atmel/studio/7.0/toolchain/avr8/avr8-gnu-toolchain/bin/../lib/gcc/avr/4.9.2/../../../../avr/lib/avr5\libc.a(utoa_ncheck.o) (strrev)

Discarded input sections

 .data          0x00000000        0x0 C:/Program Files (x86)/Atmel/Studio/7.0/Packs/atmel/ATmega_DFP/1.0.98/gcc/dev/atmega32/avr5/crtatmega32.o
 .bss           0x00000000        0x0 C:/Program Files (x86)/Atmel/Studio/7.0/Packs/atmel/ATmega_DFP/1.0.98/gcc/dev/atmega32/avr5/crtatmega32.o
 .text          0x00000000        0x0 main.o
 .data          0x00000000        0x0 main.o
 .bss           0x00000000        0x0 main.o
 .text._Z7LCDhomev
                0x00000000        0x8 main.o
 .text._Z9LCDstringPhh
                0x00000000       0x36 main.o
 .text._Z15CopyStringtoLCDPKhhh
                0x00000000       0x62 main.o
 .text._Z12LCDshiftLefth
                0x00000000       0x1e main.o
 .text._Z13LCDshiftRighth
                0x00000000       0x1e main.o
 .text._Z11LCDcursorOnv
                0x00000000        0x8 main.o
 .text._Z16LCDcursorOnBlinkv
                0x00000000        0x8 main.o
 .text._Z12LCDcursorOFFv
                0x00000000        0x8 main.o
 .text._Z8LCDblankv
                0x00000000        0x8 main.o
 .text._Z10LCDvisiblev
                0x00000000        0x8 main.o
 .text._Z13LCDcursorLefth
                0x00000000       0x1e main.o
 .text._Z14LCDcursorRighth
                0x00000000       0x1e main.o
 .text._Z8I2CClosev
                0x00000000        0x8 main.o
 .text._Z9GetSecondv
                0x00000000       0x36 main.o
 .text._Z9SetSecondh
                0x00000000       0x2c main.o
 .text._Z7GetDatev
                0x00000000       0x34 main.o
 .text._Z8GetMonthv
                0x00000000       0x34 main.o
 .text._Z7GetYearv
                0x00000000       0x36 main.o
 .text._Z13GetDateStringPc
                0x00000000       0xa0 main.o
 .text._Z11read_keypadv
                0x00000000       0xa6 main.o
 .text._Z7delay1sv
                0x00000000       0x14 main.o
 .text          0x00000000        0x0 myLCD.o
 .data          0x00000000        0x0 myLCD.o
 .bss           0x00000000        0x0 myLCD.o
 .text.LCDsendChar
                0x00000000       0x52 myLCD.o
 .text.LCDsendCommand
                0x00000000       0x4a myLCD.o
 .text.LCDinit  0x00000000       0x88 myLCD.o
 .text.LCDclr   0x00000000        0x8 myLCD.o
 .text.LCDhome  0x00000000        0x8 myLCD.o
 .text.LCDstring
                0x00000000       0x36 myLCD.o
 .text.LCDGotoXY
                0x00000000       0x1e myLCD.o
 .text.CopyStringtoLCD
                0x00000000       0x62 myLCD.o
 .text.LCD_PrintString
                0x00000000       0xa8 myLCD.o
 .text.LCDshiftLeft
                0x00000000       0x1e myLCD.o
 .text.LCDshiftRight
                0x00000000       0x1e myLCD.o
 .text.LCDcursorOn
                0x00000000        0x8 myLCD.o
 .text.LCDcursorOnBlink
                0x00000000        0x8 myLCD.o
 .text.LCDcursorOFF
                0x00000000        0x8 myLCD.o
 .text.LCDblank
                0x00000000        0x8 myLCD.o
 .text.LCDvisible
                0x00000000        0x8 myLCD.o
 .text.LCDcursorLeft
                0x00000000       0x1e myLCD.o
 .text.LCDcursorRight
                0x00000000       0x1e myLCD.o
 .debug_info    0x00000000      0x9c4 myLCD.o
 .debug_abbrev  0x00000000      0x1e6 myLCD.o
 .debug_loc     0x00000000      0x812 myLCD.o
 .debug_aranges
                0x00000000       0xa8 myLCD.o
 .debug_ranges  0x00000000       0xc8 myLCD.o
 .debug_line    0x00000000      0x35d myLCD.o
 .debug_str     0x00000000      0x2c2 myLCD.o
 .comment       0x00000000       0x31 myLCD.o
 .debug_frame   0x00000000      0x1b0 myLCD.o
 .text          0x00000000        0x0 rtc.o
 .data          0x00000000        0x0 rtc.o
 .bss           0x00000000        0x0 rtc.o
 .text.I2CInit  0x00000000       0x12 rtc.o
 .text.I2CClose
                0x00000000        0x8 rtc.o
 .text.I2CStart
                0x00000000        0xc rtc.o
 .text.I2CStop  0x00000000        0xc rtc.o
 .text.I2CWriteByte
                0x00000000       0x32 rtc.o
 .text.I2CReadByte
                0x00000000       0x3c rtc.o
 .text.DS1307Read
                0x00000000       0x5a rtc.o
 .text.DS1307Write
                0x00000000       0x42 rtc.o
 .text.ClockInit
                0x00000000       0x62 rtc.o
 .text.GetSecond
                0x00000000       0x36 rtc.o
 .text.GetMinute
                0x00000000       0x36 rtc.o
 .text.GetHour  0x00000000       0x34 rtc.o
 .text.GetAmPm  0x00000000       0x34 rtc.o
 .text.SetSecond
                0x00000000       0x2c rtc.o
 .text.SetMinute
                0x00000000       0x2c rtc.o
 .text.SetHour  0x00000000       0x44 rtc.o
 .text.SetAmPm  0x00000000       0x3e rtc.o
 .text.GetTimeString
                0x00000000       0xb6 rtc.o
 .text.GetDate  0x00000000       0x34 rtc.o
 .text.GetMonth
                0x00000000       0x34 rtc.o
 .text.GetYear  0x00000000       0x34 rtc.o
 .text.SetDate  0x00000000       0x2c rtc.o
 .text.SetMonth
                0x00000000       0x2c rtc.o
 .text.SetYear  0x00000000       0x2c rtc.o
 .text.GetDateString
                0x00000000       0xa0 rtc.o
 .debug_info    0x00000000      0x958 rtc.o
 .debug_abbrev  0x00000000      0x1db rtc.o
 .debug_loc     0x00000000      0xadf rtc.o
 .debug_aranges
                0x00000000       0xe0 rtc.o
 .debug_ranges  0x00000000       0xd0 rtc.o
 .debug_line    0x00000000      0x305 rtc.o
 .debug_str     0x00000000      0x28a rtc.o
 .comment       0x00000000       0x31 rtc.o
 .debug_frame   0x00000000      0x298 rtc.o
 .text          0x00000000        0x0 c:/program files (x86)/atmel/studio/7.0/toolchain/avr8/avr8-gnu-toolchain/bin/../lib/gcc/avr/4.9.2/avr5\libgcc.a(_exit.o)
 .data          0x00000000        0x0 c:/program files (x86)/atmel/studio/7.0/toolchain/avr8/avr8-gnu-toolchain/bin/../lib/gcc/avr/4.9.2/avr5\libgcc.a(_exit.o)
 .bss           0x00000000        0x0 c:/program files (x86)/atmel/studio/7.0/toolchain/avr8/avr8-gnu-toolchain/bin/../lib/gcc/avr/4.9.2/avr5\libgcc.a(_exit.o)
 .text.libgcc.mul
                0x00000000        0x0 c:/program files (x86)/atmel/studio/7.0/toolchain/avr8/avr8-gnu-toolchain/bin/../lib/gcc/avr/4.9.2/avr5\libgcc.a(_exit.o)
 .text.libgcc.div
                0x00000000        0x0 c:/program files (x86)/atmel/studio/7.0/toolchain/avr8/avr8-gnu-toolchain/bin/../lib/gcc/avr/4.9.2/avr5\libgcc.a(_exit.o)
 .text.libgcc   0x00000000        0x0 c:/program files (x86)/atmel/studio/7.0/toolchain/avr8/avr8-gnu-toolchain/bin/../lib/gcc/avr/4.9.2/avr5\libgcc.a(_exit.o)
 .text.libgcc.prologue
                0x00000000        0x0 c:/program files (x86)/atmel/studio/7.0/toolchain/avr8/avr8-gnu-toolchain/bin/../lib/gcc/avr/4.9.2/avr5\libgcc.a(_exit.o)
 .text.libgcc.builtins
                0x00000000        0x0 c:/program files (x86)/atmel/studio/7.0/toolchain/avr8/avr8-gnu-toolchain/bin/../lib/gcc/avr/4.9.2/avr5\libgcc.a(_exit.o)
 .text.libgcc.fmul
                0x00000000        0x0 c:/program files (x86)/atmel/studio/7.0/toolchain/avr8/avr8-gnu-toolchain/bin/../lib/gcc/avr/4.9.2/avr5\libgcc.a(_exit.o)
 .text.libgcc.fixed
                0x00000000        0x0 c:/program files (x86)/atmel/studio/7.0/toolchain/avr8/avr8-gnu-toolchain/bin/../lib/gcc/avr/4.9.2/avr5\libgcc.a(_exit.o)
 .text          0x00000000        0x0 c:/program files (x86)/atmel/studio/7.0/toolchain/avr8/avr8-gnu-toolchain/bin/../lib/gcc/avr/4.9.2/avr5\libgcc.a(_copy_data.o)
 .data          0x00000000        0x0 c:/program files (x86)/atmel/studio/7.0/toolchain/avr8/avr8-gnu-toolchain/bin/../lib/gcc/avr/4.9.2/avr5\libgcc.a(_copy_data.o)
 .bss           0x00000000        0x0 c:/program files (x86)/atmel/studio/7.0/toolchain/avr8/avr8-gnu-toolchain/bin/../lib/gcc/avr/4.9.2/avr5\libgcc.a(_copy_data.o)
 .text.libgcc.mul
                0x00000000        0x0 c:/program files (x86)/atmel/studio/7.0/toolchain/avr8/avr8-gnu-toolchain/bin/../lib/gcc/avr/4.9.2/avr5\libgcc.a(_copy_data.o)
 .text.libgcc.div
                0x00000000        0x0 c:/program files (x86)/atmel/studio/7.0/toolchain/avr8/avr8-gnu-toolchain/bin/../lib/gcc/avr/4.9.2/avr5\libgcc.a(_copy_data.o)
 .text.libgcc   0x00000000        0x0 c:/program files (x86)/atmel/studio/7.0/toolchain/avr8/avr8-gnu-toolchain/bin/../lib/gcc/avr/4.9.2/avr5\libgcc.a(_copy_data.o)
 .text.libgcc.prologue
                0x00000000        0x0 c:/program files (x86)/atmel/studio/7.0/toolchain/avr8/avr8-gnu-toolchain/bin/../lib/gcc/avr/4.9.2/avr5\libgcc.a(_copy_data.o)
 .text.libgcc.builtins
                0x00000000        0x0 c:/program files (x86)/atmel/studio/7.0/toolchain/avr8/avr8-gnu-toolchain/bin/../lib/gcc/avr/4.9.2/avr5\libgcc.a(_copy_data.o)
 .text.libgcc.fmul
                0x00000000        0x0 c:/program files (x86)/atmel/studio/7.0/toolchain/avr8/avr8-gnu-toolchain/bin/../lib/gcc/avr/4.9.2/avr5\libgcc.a(_copy_data.o)
 .text.libgcc.fixed
                0x00000000        0x0 c:/program files (x86)/atmel/studio/7.0/toolchain/avr8/avr8-gnu-toolchain/bin/../lib/gcc/avr/4.9.2/avr5\libgcc.a(_copy_data.o)
 .text          0x00000000        0x0 c:/program files (x86)/atmel/studio/7.0/toolchain/avr8/avr8-gnu-toolchain/bin/../lib/gcc/avr/4.9.2/avr5\libgcc.a(_clear_bss.o)
 .data          0x00000000        0x0 c:/program files (x86)/atmel/studio/7.0/toolchain/avr8/avr8-gnu-toolchain/bin/../lib/gcc/avr/4.9.2/avr5\libgcc.a(_clear_bss.o)
 .bss           0x00000000        0x0 c:/program files (x86)/atmel/studio/7.0/toolchain/avr8/avr8-gnu-toolchain/bin/../lib/gcc/avr/4.9.2/avr5\libgcc.a(_clear_bss.o)
 .text.libgcc.mul
                0x00000000        0x0 c:/program files (x86)/atmel/studio/7.0/toolchain/avr8/avr8-gnu-toolchain/bin/../lib/gcc/avr/4.9.2/avr5\libgcc.a(_clear_bss.o)
 .text.libgcc.div
                0x00000000        0x0 c:/program files (x86)/atmel/studio/7.0/toolchain/avr8/avr8-gnu-toolchain/bin/../lib/gcc/avr/4.9.2/avr5\libgcc.a(_clear_bss.o)
 .text.libgcc   0x00000000        0x0 c:/program files (x86)/atmel/studio/7.0/toolchain/avr8/avr8-gnu-toolchain/bin/../lib/gcc/avr/4.9.2/avr5\libgcc.a(_clear_bss.o)
 .text.libgcc.prologue
                0x00000000        0x0 c:/program files (x86)/atmel/studio/7.0/toolchain/avr8/avr8-gnu-toolchain/bin/../lib/gcc/avr/4.9.2/avr5\libgcc.a(_clear_bss.o)
 .text.libgcc.builtins
                0x00000000        0x0 c:/program files (x86)/atmel/studio/7.0/toolchain/avr8/avr8-gnu-toolchain/bin/../lib/gcc/avr/4.9.2/avr5\libgcc.a(_clear_bss.o)
 .text.libgcc.fmul
                0x00000000        0x0 c:/program files (x86)/atmel/studio/7.0/toolchain/avr8/avr8-gnu-toolchain/bin/../lib/gcc/avr/4.9.2/avr5\libgcc.a(_clear_bss.o)
 .text.libgcc.fixed
                0x00000000        0x0 c:/program files (x86)/atmel/studio/7.0/toolchain/avr8/avr8-gnu-toolchain/bin/../lib/gcc/avr/4.9.2/avr5\libgcc.a(_clear_bss.o)
 .text          0x00000000        0x0 c:/program files (x86)/atmel/studio/7.0/toolchain/avr8/avr8-gnu-toolchain/bin/../lib/gcc/avr/4.9.2/../../../../avr/lib/avr5\libc.a(itoa_ncheck.o)
 .data          0x00000000        0x0 c:/program files (x86)/atmel/studio/7.0/toolchain/avr8/avr8-gnu-toolchain/bin/../lib/gcc/avr/4.9.2/../../../../avr/lib/avr5\libc.a(itoa_ncheck.o)
 .bss           0x00000000        0x0 c:/program files (x86)/atmel/studio/7.0/toolchain/avr8/avr8-gnu-toolchain/bin/../lib/gcc/avr/4.9.2/../../../../avr/lib/avr5\libc.a(itoa_ncheck.o)
 .text          0x00000000        0x0 c:/program files (x86)/atmel/studio/7.0/toolchain/avr8/avr8-gnu-toolchain/bin/../lib/gcc/avr/4.9.2/../../../../avr/lib/avr5\libc.a(utoa_ncheck.o)
 .data          0x00000000        0x0 c:/program files (x86)/atmel/studio/7.0/toolchain/avr8/avr8-gnu-toolchain/bin/../lib/gcc/avr/4.9.2/../../../../avr/lib/avr5\libc.a(utoa_ncheck.o)
 .bss           0x00000000        0x0 c:/program files (x86)/atmel/studio/7.0/toolchain/avr8/avr8-gnu-toolchain/bin/../lib/gcc/avr/4.9.2/../../../../avr/lib/avr5\libc.a(utoa_ncheck.o)
 .text          0x00000000        0x0 c:/program files (x86)/atmel/studio/7.0/toolchain/avr8/avr8-gnu-toolchain/bin/../lib/gcc/avr/4.9.2/../../../../avr/lib/avr5\libc.a(strrev.o)
 .data          0x00000000        0x0 c:/program files (x86)/atmel/studio/7.0/toolchain/avr8/avr8-gnu-toolchain/bin/../lib/gcc/avr/4.9.2/../../../../avr/lib/avr5\libc.a(strrev.o)
 .bss           0x00000000        0x0 c:/program files (x86)/atmel/studio/7.0/toolchain/avr8/avr8-gnu-toolchain/bin/../lib/gcc/avr/4.9.2/../../../../avr/lib/avr5\libc.a(strrev.o)

Memory Configuration

Name             Origin             Length             Attributes
text             0x00000000         0x00020000         xr
data             0x00800060         0x0000ffa0         rw !x
eeprom           0x00810000         0x00010000         rw !x
fuse             0x00820000         0x00000400         rw !x
lock             0x00830000         0x00000400         rw !x
signature        0x00840000         0x00000400         rw !x
user_signatures  0x00850000         0x00000400         rw !x
*default*        0x00000000         0xffffffff

Linker script and memory map

LOAD C:/Program Files (x86)/Atmel/Studio/7.0/Packs/atmel/ATmega_DFP/1.0.98/gcc/dev/atmega32/avr5/crtatmega32.o
LOAD main.o
LOAD myLCD.o
LOAD rtc.o
START GROUP
LOAD c:/program files (x86)/atmel/studio/7.0/toolchain/avr8/avr8-gnu-toolchain/bin/../lib/gcc/avr/4.9.2/../../../../avr/lib/avr5\libm.a
END GROUP
LOAD c:/program files (x86)/atmel/studio/7.0/toolchain/avr8/avr8-gnu-toolchain/bin/../lib/gcc/avr/4.9.2/avr5\libgcc.a
LOAD c:/program files (x86)/atmel/studio/7.0/toolchain/avr8/avr8-gnu-toolchain/bin/../lib/gcc/avr/4.9.2/../../../../avr/lib/avr5\libm.a
START GROUP
LOAD c:/program files (x86)/atmel/studio/7.0/toolchain/avr8/avr8-gnu-toolchain/bin/../lib/gcc/avr/4.9.2/avr5\libgcc.a
LOAD c:/program files (x86)/atmel/studio/7.0/toolchain/avr8/avr8-gnu-toolchain/bin/../lib/gcc/avr/4.9.2/../../../../avr/lib/avr5\libm.a
LOAD c:/program files (x86)/atmel/studio/7.0/toolchain/avr8/avr8-gnu-toolchain/bin/../lib/gcc/avr/4.9.2/../../../../avr/lib/avr5\libc.a
LOAD C:/Program Files (x86)/Atmel/Studio/7.0/Packs/atmel/ATmega_DFP/1.0.98/gcc/dev/atmega32/avr5\libatmega32.a
END GROUP

.hash
 *(.hash)

.dynsym
 *(.dynsym)

.dynstr
 *(.dynstr)

.gnu.version
 *(.gnu.version)

.gnu.version_d
 *(.gnu.version_d)

.gnu.version_r
 *(.gnu.version_r)

.rel.init
 *(.rel.init)

.rela.init
 *(.rela.init)

.rel.text
 *(.rel.text)
 *(.rel.text.*)
 *(.rel.gnu.linkonce.t*)

.rela.text
 *(.rela.text)
 *(.rela.text.*)
 *(.rela.gnu.linkonce.t*)

.rel.fini
 *(.rel.fini)

.rela.fini
 *(.rela.fini)

.rel.rodata
 *(.rel.rodata)
 *(.rel.rodata.*)
 *(.rel.gnu.linkonce.r*)

.rela.rodata
 *(.rela.rodata)
 *(.rela.rodata.*)
 *(.rela.gnu.linkonce.r*)

.rel.data
 *(.rel.data)
 *(.rel.data.*)
 *(.rel.gnu.linkonce.d*)

.rela.data
 *(.rela.data)
 *(.rela.data.*)
 *(.rela.gnu.linkonce.d*)

.rel.ctors
 *(.rel.ctors)

.rela.ctors
 *(.rela.ctors)

.rel.dtors
 *(.rel.dtors)

.rela.dtors
 *(.rela.dtors)

.rel.got
 *(.rel.got)

.rela.got
 *(.rela.got)

.rel.bss
 *(.rel.bss)

.rela.bss
 *(.rela.bss)

.rel.plt
 *(.rel.plt)

.rela.plt
 *(.rela.plt)

.text           0x00000000      0xb22
 *(.vectors)
 .vectors       0x00000000       0x54 C:/Program Files (x86)/Atmel/Studio/7.0/Packs/atmel/ATmega_DFP/1.0.98/gcc/dev/atmega32/avr5/crtatmega32.o
                0x00000000                __vector_default
                0x00000000                __vectors
 *(.vectors)
 *(.progmem.gcc*)
                0x00000054                . = ALIGN (0x2)
                0x00000054                __trampolines_start = .
 *(.trampolines)
 .trampolines   0x00000054        0x0 linker stubs
 *(.trampolines*)
                0x00000054                __trampolines_end = .
 *(.progmem*)
                0x00000054                . = ALIGN (0x2)
 *(.jumptables)
 *(.jumptables*)
 *(.lowtext)
 *(.lowtext*)
                0x00000054                __ctors_start = .
 *(.ctors)
                0x00000054                __ctors_end = .
                0x00000054                __dtors_start = .
 *(.dtors)
                0x00000054                __dtors_end = .
 SORT(*)(.ctors)
 SORT(*)(.dtors)
 *(.init0)
 .init0         0x00000054        0x0 C:/Program Files (x86)/Atmel/Studio/7.0/Packs/atmel/ATmega_DFP/1.0.98/gcc/dev/atmega32/avr5/crtatmega32.o
                0x00000054                __init
 *(.init0)
 *(.init1)
 *(.init1)
 *(.init2)
 .init2         0x00000054        0xc C:/Program Files (x86)/Atmel/Studio/7.0/Packs/atmel/ATmega_DFP/1.0.98/gcc/dev/atmega32/avr5/crtatmega32.o
 *(.init2)
 *(.init3)
 *(.init3)
 *(.init4)
 .init4         0x00000060       0x16 c:/program files (x86)/atmel/studio/7.0/toolchain/avr8/avr8-gnu-toolchain/bin/../lib/gcc/avr/4.9.2/avr5\libgcc.a(_copy_data.o)
                0x00000060                __do_copy_data
 .init4         0x00000076       0x10 c:/program files (x86)/atmel/studio/7.0/toolchain/avr8/avr8-gnu-toolchain/bin/../lib/gcc/avr/4.9.2/avr5\libgcc.a(_clear_bss.o)
                0x00000076                __do_clear_bss
 *(.init4)
 *(.init5)
 *(.init5)
 *(.init6)
 *(.init6)
 *(.init7)
 *(.init7)
 *(.init8)
 *(.init8)
 *(.init9)
 .init9         0x00000086        0x8 C:/Program Files (x86)/Atmel/Studio/7.0/Packs/atmel/ATmega_DFP/1.0.98/gcc/dev/atmega32/avr5/crtatmega32.o
 *(.init9)
 *(.text)
 .text          0x0000008e        0x4 C:/Program Files (x86)/Atmel/Studio/7.0/Packs/atmel/ATmega_DFP/1.0.98/gcc/dev/atmega32/avr5/crtatmega32.o
                0x0000008e                __vector_1
                0x0000008e                __vector_12
                0x0000008e                __bad_interrupt
                0x0000008e                __vector_6
                0x0000008e                __vector_3
                0x0000008e                __vector_11
                0x0000008e                __vector_13
                0x0000008e                __vector_17
                0x0000008e                __vector_19
                0x0000008e                __vector_7
                0x0000008e                __vector_5
                0x0000008e                __vector_4
                0x0000008e                __vector_9
                0x0000008e                __vector_2
                0x0000008e                __vector_15
                0x0000008e                __vector_8
                0x0000008e                __vector_14
                0x0000008e                __vector_10
                0x0000008e                __vector_16
                0x0000008e                __vector_18
                0x0000008e                __vector_20
                0x00000092                . = ALIGN (0x2)
 *(.text.*)
 .text._Z11LCDsendCharh
                0x00000092       0x52 main.o
                0x00000092                _Z11LCDsendCharh
 .text._Z14LCDsendCommandh
                0x000000e4       0x4a main.o
                0x000000e4                _Z14LCDsendCommandh
 .text._Z7LCDinitv
                0x0000012e       0x88 main.o
                0x0000012e                _Z7LCDinitv
 .text._Z6LCDclrv
                0x000001b6        0x8 main.o
                0x000001b6                _Z6LCDclrv
 .text._Z9LCDGotoXYhh
                0x000001be       0x1e main.o
                0x000001be                _Z9LCDGotoXYhh
 .text._Z15LCD_PrintStringPKchh
                0x000001dc       0xa8 main.o
                0x000001dc                _Z15LCD_PrintStringPKchh
 .text._Z7I2CInitv
                0x00000284       0x12 main.o
                0x00000284                _Z7I2CInitv
 .text._Z8I2CStartv
                0x00000296        0xc main.o
                0x00000296                _Z8I2CStartv
 .text._Z7I2CStopv
                0x000002a2        0xc main.o
                0x000002a2                _Z7I2CStopv
 .text._Z12I2CWriteByteh
                0x000002ae       0x32 main.o
                0x000002ae                _Z12I2CWriteByteh
 .text._Z11I2CReadBytePhh
                0x000002e0       0x3c main.o
                0x000002e0                _Z11I2CReadBytePhh
 .text._Z10DS1307ReadhPh
                0x0000031c       0x5a main.o
                0x0000031c                _Z10DS1307ReadhPh
 .text._Z11DS1307Writehh
                0x00000376       0x42 main.o
                0x00000376                _Z11DS1307Writehh
 .text._Z9ClockInitv
                0x000003b8       0x62 main.o
                0x000003b8                _Z9ClockInitv
 .text._Z9GetMinutev
                0x0000041a       0x36 main.o
                0x0000041a                _Z9GetMinutev
 .text._Z7GetHourv
                0x00000450       0x34 main.o
                0x00000450                _Z7GetHourv
 .text._Z7GetAmPmv
                0x00000484       0x34 main.o
                0x00000484                _Z7GetAmPmv
 .text._Z9SetMinuteh
                0x000004b8       0x2c main.o
                0x000004b8                _Z9SetMinuteh
 .text._Z7SetHourh
                0x000004e4       0x44 main.o
                0x000004e4                _Z7SetHourh
 .text._Z7SetAmPmh
                0x00000528       0x3e main.o
                0x00000528                _Z7SetAmPmh
 .text._Z13GetTimeStringPc
                0x00000566       0xb6 main.o
                0x00000566                _Z13GetTimeStringPc
 .text._Z7SetDateh
                0x0000061c       0x2c main.o
                0x0000061c                _Z7SetDateh
 .text._Z8SetMonthh
                0x00000648       0x2c main.o
                0x00000648                _Z8SetMonthh
 .text._Z7SetYearh
                0x00000674       0x2c main.o
                0x00000674                _Z7SetYearh
 .text._Z15read_keypad_intv
                0x000006a0       0xca main.o
                0x000006a0                _Z15read_keypad_intv
 .text._Z12intFrmKeypadi
                0x0000076a       0xee main.o
                0x0000076a                _Z12intFrmKeypadi
 .text._Z9setMyDatev
                0x00000858       0xb4 main.o
                0x00000858                _Z9setMyDatev
 .text._Z9setMyTimev
                0x0000090c       0xac main.o
                0x0000090c                _Z9setMyTimev
 .text._Z12menu_controlv
                0x000009b8       0x56 main.o
                0x000009b8                _Z12menu_controlv
 .text._Z7myalarmv
                0x00000a0e       0x14 main.o
                0x00000a0e                _Z7myalarmv
 .text.main     0x00000a22       0x92 main.o
                0x00000a22                main
 .text.avr-libc
                0x00000ab4       0x16 c:/program files (x86)/atmel/studio/7.0/toolchain/avr8/avr8-gnu-toolchain/bin/../lib/gcc/avr/4.9.2/../../../../avr/lib/avr5\libc.a(itoa_ncheck.o)
                0x00000ab4                __itoa_ncheck
 .text.avr-libc
                0x00000aca       0x34 c:/program files (x86)/atmel/studio/7.0/toolchain/avr8/avr8-gnu-toolchain/bin/../lib/gcc/avr/4.9.2/../../../../avr/lib/avr5\libc.a(utoa_ncheck.o)
                0x00000aca                __utoa_ncheck
                0x00000acc                __utoa_common
 .text.avr-libc
                0x00000afe       0x20 c:/program files (x86)/atmel/studio/7.0/toolchain/avr8/avr8-gnu-toolchain/bin/../lib/gcc/avr/4.9.2/../../../../avr/lib/avr5\libc.a(strrev.o)
                0x00000afe                strrev
                0x00000b1e                . = ALIGN (0x2)
 *(.fini9)
 .fini9         0x00000b1e        0x0 c:/program files (x86)/atmel/studio/7.0/toolchain/avr8/avr8-gnu-toolchain/bin/../lib/gcc/avr/4.9.2/avr5\libgcc.a(_exit.o)
                0x00000b1e                _exit
                0x00000b1e                exit
 *(.fini9)
 *(.fini8)
 *(.fini8)
 *(.fini7)
 *(.fini7)
 *(.fini6)
 *(.fini6)
 *(.fini5)
 *(.fini5)
 *(.fini4)
 *(.fini4)
 *(.fini3)
 *(.fini3)
 *(.fini2)
 *(.fini2)
 *(.fini1)
 *(.fini1)
 *(.fini0)
 .fini0         0x00000b1e        0x4 c:/program files (x86)/atmel/studio/7.0/toolchain/avr8/avr8-gnu-toolchain/bin/../lib/gcc/avr/4.9.2/avr5\libgcc.a(_exit.o)
 *(.fini0)
                0x00000b22                _etext = .

.data           0x00800060       0x9c load address 0x00000b22
                0x00800060                PROVIDE (__data_start, .)
 *(.data)
 *(.data*)
 *(.rodata)
 *(.rodata*)
 .rodata.str1.1
                0x00800060       0x9c main.o
 *(.gnu.linkonce.d*)
                0x008000fc                . = ALIGN (0x2)
                0x008000fc                _edata = .
                0x008000fc                PROVIDE (__data_end, .)

.bss            0x008000fc        0x2
                0x008000fc                PROVIDE (__bss_start, .)
 *(.bss)
 *(.bss*)
 .bss.menu_item
                0x008000fc        0x2 main.o
                0x008000fc                menu_item
 *(COMMON)
                0x008000fe                PROVIDE (__bss_end, .)
                0x00000b22                __data_load_start = LOADADDR (.data)
                0x00000bbe                __data_load_end = (__data_load_start + SIZEOF (.data))

.noinit         0x008000fe        0x0
                0x008000fe                PROVIDE (__noinit_start, .)
 *(.noinit*)
                0x008000fe                PROVIDE (__noinit_end, .)
                0x008000fe                _end = .
                0x008000fe                PROVIDE (__heap_start, .)

.eeprom         0x00810000        0x0
 *(.eeprom*)
                0x00810000                __eeprom_end = .

.fuse
 *(.fuse)
 *(.lfuse)
 *(.hfuse)
 *(.efuse)

.lock
 *(.lock*)

.signature
 *(.signature*)

.user_signatures
 *(.user_signatures*)

.stab
 *(.stab)

.stabstr
 *(.stabstr)

.stab.excl
 *(.stab.excl)

.stab.exclstr
 *(.stab.exclstr)

.stab.index
 *(.stab.index)

.stab.indexstr
 *(.stab.indexstr)

.comment        0x00000000       0x30
 *(.comment)
 .comment       0x00000000       0x30 main.o
                                 0x31 (size before relaxing)

.note.gnu.avr.deviceinfo
                0x00000000       0x3c
 .note.gnu.avr.deviceinfo
                0x00000000       0x3c C:/Program Files (x86)/Atmel/Studio/7.0/Packs/atmel/ATmega_DFP/1.0.98/gcc/dev/atmega32/avr5/crtatmega32.o

.note.gnu.build-id
 *(.note.gnu.build-id)

.debug
 *(.debug)

.line
 *(.line)

.debug_srcinfo
 *(.debug_srcinfo)

.debug_sfnames
 *(.debug_sfnames)

.debug_aranges  0x00000000      0x1b8
 *(.debug_aranges)
 .debug_aranges
                0x00000000      0x1b8 main.o

.debug_pubnames
 *(.debug_pubnames)

.debug_info     0x00000000     0x1ef8
 *(.debug_info .gnu.linkonce.wi.*)
 .debug_info    0x00000000     0x1ef8 main.o

.debug_abbrev   0x00000000      0x3a9
 *(.debug_abbrev)
 .debug_abbrev  0x00000000      0x3a9 main.o

.debug_line     0x00000000      0x828
 *(.debug_line .debug_line.* .debug_line_end)
 .debug_line    0x00000000      0x828 main.o

.debug_frame    0x00000000      0x51c
 *(.debug_frame)
 .debug_frame   0x00000000      0x51c main.o

.debug_str      0x00000000      0x7e4
 *(.debug_str)
 .debug_str     0x00000000      0x7e4 main.o
                                0x833 (size before relaxing)

.debug_loc      0x00000000     0x19c8
 *(.debug_loc)
 .debug_loc     0x00000000     0x19c8 main.o

.debug_macinfo
 *(.debug_macinfo)

.debug_weaknames
 *(.debug_weaknames)

.debug_funcnames
 *(.debug_funcnames)

.debug_typenames
 *(.debug_typenames)

.debug_varnames
 *(.debug_varnames)

.debug_pubtypes
 *(.debug_pubtypes)

.debug_ranges   0x00000000      0x1f0
 *(.debug_ranges)
 .debug_ranges  0x00000000      0x1f0 main.o

.debug_macro
 *(.debug_macro)
OUTPUT(RTC.elf elf32-avr)
LOAD linker stubs
